// Jest Snapshot v1, https://goo.gl/fbAQLP

exports[`HeldHistoryAllStatsTable renders correctly with actual values 1`] = `
<div>
  <div class="held-history-table-container--large">
    <div class="held-history-table-container--large__labels-area">
      <div class="column justify-start column-1">
        <p class="held-history-table-container--large__labels-area__text">Satellite</p>
      </div>
      <div class="column justify-end column-2">
        <p class="held-history-table-container--large__labels-area__text">First Contact</p>
      </div>
      <div class="column justify-end column-3">
        <p class="held-history-table-container--large__labels-area__text">Held Total</p>
      </div>
      <div class="column justify-end column-4">
        <p class="held-history-table-container--large__labels-area__text">Held Returned</p>
      </div>
    </div>
    <div class="held-history-table-container--large__info-area">
      <div class="justify-start column-1">
        <p class="held-history-table-container--large__info-area__text">name1</p>
        <p class="held-history-table-container--large__info-area__months">1 month</p>
      </div>
      <div class="column justify-end column-2">
        <p class="held-history-table-container--large__info-area__text">2020-01-30</p>
      </div>
      <div class="column justify-end column-3">
        <p class="held-history-table-container--large__info-area__text">$500.00</p>
      </div>
      <div class="column justify-end column-4">
        <p class="held-history-table-container--large__info-area__text">$200.00</p>
      </div>
    </div>
    <div class="held-history-table-container--large__info-area">
      <div class="justify-start column-1">
        <p class="held-history-table-container--large__info-area__text">name2</p>
        <p class="held-history-table-container--large__info-area__months">5 month</p>
      </div>
      <div class="column justify-end column-2">
        <p class="held-history-table-container--large__info-area__text">2020-01-30</p>
      </div>
      <div class="column justify-end column-3">
        <p class="held-history-table-container--large__info-area__text">$400.00</p>
      </div>
      <div class="column justify-end column-4">
        <p class="held-history-table-container--large__info-area__text">$300.00</p>
      </div>
    </div>
  </div>
  <div class="held-history-table-container--small">
    <heldhistoryallstatstableitemsmall-stub heldhistoryitem="[object Object]"></heldhistoryallstatstableitemsmall-stub>
    <heldhistoryallstatstableitemsmall-stub heldhistoryitem="[object Object]"></heldhistoryallstatstableitemsmall-stub>
  </div>
</div>
`;
